// Jest Snapshot v1, https://goo.gl/fbAQLP

exports[`generateSchemaFromExamples (json) should match the snapshot 1`] = `"{"openapi":"3.0.0","info":{"title":"Sample","version":"1.0.0"},"servers":[{"url":"http://{{base_url}}"}],"paths":{"/api/profile":{"get":{"tags":["default"],"summary":"/api/profile","responses":{"200":{"description":"OK","headers":{"Content-Type":{"schema":{"type":"string","example":"application/json"}}},"content":{"application/json":{"schema":{"$ref":"#/components/schemas/GET_apiprofile_response_200"},"example":{"firstName":"Max","lastName":"Mustermann","age":54,"skills":[{"name":"javascript","level":5}],"address":{"street":"Musterstreet","zip":"12355","country":"Germany"}}}}},"404":{"description":"Not Found","headers":{"Content-Type":{"schema":{"type":"string","example":"application/json"}}},"content":{"application/json":{"schema":{"$ref":"#/components/schemas/GET_apiprofile_response_404"},"example":{"error":{"code":404,"message":"Not found"}}}}}}},"post":{"tags":["default"],"summary":"/api/profile","requestBody":{"content":{"application/json":{"schema":{"type":"object","example":{"firstName":"Max","lastName":"Mustermann","age":54,"skills":[{"name":"javascript","level":5}],"address":{"street":"Musterstreet","zip":"12355","country":"Germany"}},"$ref":"#/components/schemas/POST_apiprofile"}}}},"responses":{"200":{"description":"OK","headers":{"Content-Type":{"schema":{"type":"string","example":"application/json"}}},"content":{"application/json":{"schema":{"$ref":"#/components/schemas/POST_apiprofile_response_200"},"example":{"firstName":"Max","lastName":"Mustermann","age":54,"skills":[{"name":"javascript","level":5}],"address":{"street":"Musterstreet","zip":"12355","country":"Germany"}}}}},"404":{"description":"Not Found","headers":{"Content-Type":{"schema":{"type":"string","example":"application/json"}}},"content":{"application/json":{"schema":{"$ref":"#/components/schemas/POST_apiprofile_response_404"},"example":{"error":{"code":404,"message":"Not found"}}}}}}}}},"components":{"schemas":{"POST_apiprofile":{"type":"object","properties":{"firstName":{"type":"string"},"lastName":{"type":"string"},"age":{"type":"number"},"skills":{"type":"array","items":{"$ref":"#/components/schemas/POST_apiprofile_skills"}},"address":{"$ref":"#/components/schemas/POST_apiprofile_address"}}},"GET_apiprofile_response_200":{"type":"object","properties":{"firstName":{"type":"string"},"lastName":{"type":"string"},"age":{"type":"number"},"skills":{"type":"array","items":{"$ref":"#/components/schemas/GET_apiprofile_response_200_skills"}},"address":{"$ref":"#/components/schemas/GET_apiprofile_response_200_address"}}},"GET_apiprofile_response_404":{"type":"object","properties":{"error":{"$ref":"#/components/schemas/GET_apiprofile_response_404_error"}}},"POST_apiprofile_response_200":{"type":"object","properties":{"firstName":{"type":"string"},"lastName":{"type":"string"},"age":{"type":"number"},"skills":{"type":"array","items":{"$ref":"#/components/schemas/POST_apiprofile_response_200_skills"}},"address":{"$ref":"#/components/schemas/POST_apiprofile_response_200_address"}}},"POST_apiprofile_response_404":{"type":"object","properties":{"error":{"$ref":"#/components/schemas/POST_apiprofile_response_404_error"}}},"POST_apiprofile_skills":{"type":"object","properties":{"name":{"type":"string"},"level":{"type":"number"}}},"POST_apiprofile_address":{"type":"object","properties":{"street":{"type":"string"},"zip":{"type":"string"},"country":{"type":"string"}}},"GET_apiprofile_response_200_skills":{"type":"object","properties":{"name":{"type":"string"},"level":{"type":"number"}}},"GET_apiprofile_response_200_address":{"type":"object","properties":{"street":{"type":"string"},"zip":{"type":"string"},"country":{"type":"string"}}},"GET_apiprofile_response_404_error":{"type":"object","properties":{"code":{"type":"number"},"message":{"type":"string"}}},"POST_apiprofile_response_200_skills":{"type":"object","properties":{"name":{"type":"string"},"level":{"type":"number"}}},"POST_apiprofile_response_200_address":{"type":"object","properties":{"street":{"type":"string"},"zip":{"type":"string"},"country":{"type":"string"}}},"POST_apiprofile_response_404_error":{"type":"object","properties":{"code":{"type":"number"},"message":{"type":"string"}}}}}}"`;

exports[`generateSchemaFromExamples (yaml) should match the snapshot 1`] = `
"openapi: 3.0.0
info:
  title: Sample
  version: 1.0.0
servers:
  - url: http://{{base_url}}
paths:
  /api/profile:
    get:
      tags:
        - default
      summary: /api/profile
      responses:
        '200':
          description: OK
          headers:
            Content-Type:
              schema:
                type: string
                example: application/json
          content:
            application/json:
              schema:
                $ref: '#/components/schemas/GET_apiprofile_response_200'
              example:
                firstName: Max
                lastName: Mustermann
                age: 54
                skills:
                  - name: javascript
                    level: 5
                address:
                  street: Musterstreet
                  zip: '12355'
                  country: Germany
        '404':
          description: Not Found
          headers:
            Content-Type:
              schema:
                type: string
                example: application/json
          content:
            application/json:
              schema:
                $ref: '#/components/schemas/GET_apiprofile_response_404'
              example:
                error:
                  code: 404
                  message: Not found
    post:
      tags:
        - default
      summary: /api/profile
      requestBody:
        content:
          application/json:
            schema:
              type: object
              example:
                firstName: Max
                lastName: Mustermann
                age: 54
                skills:
                  - name: javascript
                    level: 5
                address:
                  street: Musterstreet
                  zip: '12355'
                  country: Germany
              $ref: '#/components/schemas/POST_apiprofile'
      responses:
        '200':
          description: OK
          headers:
            Content-Type:
              schema:
                type: string
                example: application/json
          content:
            application/json:
              schema:
                $ref: '#/components/schemas/POST_apiprofile_response_200'
              example:
                firstName: Max
                lastName: Mustermann
                age: 54
                skills:
                  - name: javascript
                    level: 5
                address:
                  street: Musterstreet
                  zip: '12355'
                  country: Germany
        '404':
          description: Not Found
          headers:
            Content-Type:
              schema:
                type: string
                example: application/json
          content:
            application/json:
              schema:
                $ref: '#/components/schemas/POST_apiprofile_response_404'
              example:
                error:
                  code: 404
                  message: Not found
components:
  schemas:
    POST_apiprofile:
      type: object
      properties:
        firstName:
          type: string
        lastName:
          type: string
        age:
          type: number
        skills:
          type: array
          items:
            $ref: '#/components/schemas/POST_apiprofile_skills'
        address:
          $ref: '#/components/schemas/POST_apiprofile_address'
    GET_apiprofile_response_200:
      type: object
      properties:
        firstName:
          type: string
        lastName:
          type: string
        age:
          type: number
        skills:
          type: array
          items:
            $ref: '#/components/schemas/GET_apiprofile_response_200_skills'
        address:
          $ref: '#/components/schemas/GET_apiprofile_response_200_address'
    GET_apiprofile_response_404:
      type: object
      properties:
        error:
          $ref: '#/components/schemas/GET_apiprofile_response_404_error'
    POST_apiprofile_response_200:
      type: object
      properties:
        firstName:
          type: string
        lastName:
          type: string
        age:
          type: number
        skills:
          type: array
          items:
            $ref: '#/components/schemas/POST_apiprofile_response_200_skills'
        address:
          $ref: '#/components/schemas/POST_apiprofile_response_200_address'
    POST_apiprofile_response_404:
      type: object
      properties:
        error:
          $ref: '#/components/schemas/POST_apiprofile_response_404_error'
    POST_apiprofile_skills:
      type: object
      properties:
        name:
          type: string
        level:
          type: number
    POST_apiprofile_address:
      type: object
      properties:
        street:
          type: string
        zip:
          type: string
        country:
          type: string
    GET_apiprofile_response_200_skills:
      type: object
      properties:
        name:
          type: string
        level:
          type: number
    GET_apiprofile_response_200_address:
      type: object
      properties:
        street:
          type: string
        zip:
          type: string
        country:
          type: string
    GET_apiprofile_response_404_error:
      type: object
      properties:
        code:
          type: number
        message:
          type: string
    POST_apiprofile_response_200_skills:
      type: object
      properties:
        name:
          type: string
        level:
          type: number
    POST_apiprofile_response_200_address:
      type: object
      properties:
        street:
          type: string
        zip:
          type: string
        country:
          type: string
    POST_apiprofile_response_404_error:
      type: object
      properties:
        code:
          type: number
        message:
          type: string
"
`;
